====== SERVER HEALTH REPORT ======
Date: Tue, Mar 17, 2026  4:02:16 PM
----------------------------------
checking disk usage...
NORMAL: / --> 46% is consumed

checking services status...
nginx is not running...
ssd is not running...
docker is not running...

checking network connection status...
www.google.com is reachable
www.github.com is reachable
www.youtube.com is reachable
====== SERVER HEALTH REPORT ======
Date: Tue, Mar 17, 2026  4:03:12 PM
----------------------------------
checking disk usage...
NORMAL: / --> 46% is consumed

checking services status...
nginx is not running...
ssd is not running...
docker is not running...

checking network connection status...
www.google.com is reachable
www.github.com is reachable
www.youtube.com is reachable
====== SERVER HEALTH REPORT ======
Date: Tue, Mar 17, 2026  4:13:14 PM
----------------------------------
checking disk usage...
NORMAL: / --> 46% is consumed

checking services status...
nginx is not running...
ssd is not running...
docker is not running...

checking network connection status...
www.google.com is reachable
www.github.com is reachable
www.youtube.com is reachable
